EN multiplexor NULL /home/ise/Documents/Proyecto/Multiplexor.vhd sub00/vhpl04 1708402698
AR multiplexor mult /home/ise/Documents/Proyecto/Multiplexor.vhd sub00/vhpl05 1708402699
EN ejemplo1 NULL /home/ise/Documents/Proyecto/Ejemplo1.vhd sub00/vhpl00 1708395281
EN ejemplo3 NULL "/home/ise/Documents/Proyecto/And 3.vhd" sub00/vhpl02 1708396955
AR ejemplo1 archexample /home/ise/Documents/Proyecto/Ejemplo1.vhd sub00/vhpl01 1708395282
EN fulladder4 NULL "/home/ise/Documents/Proyecto/Full adder 4.vhd" sub00/vhpl06 1708402973
AR ejemplo3 arch "/home/ise/Documents/Proyecto/And 3.vhd" sub00/vhpl03 1708396956
