EN rams_01 NULL /home/ise/Documents/Proyecto/MemoriaRam/Ram.vhd sub00/vhpl00 1711414526
AR rams syn /home/ise/Documents/Proyecto/MemoriaRam/Ram.vhd sub00/vhpl03 1711415325
AR rams_01 syn /home/ise/Documents/Proyecto/MemoriaRam/Ram.vhd sub00/vhpl01 1711414527
EN rams NULL /home/ise/Documents/Proyecto/MemoriaRam/Ram.vhd sub00/vhpl02 1711415324
